// Jest Snapshot v1, https://goo.gl/fbAQLP

exports[`matches snapshot 1`] = `
<div
  className="getNumbers"
  data-testid="button"
  onClick={[Function]}
>
  <p>
    Get Numbers
  </p>
</div>
`;
