// Jest Snapshot v1, https://goo.gl/fbAQLP

exports[`matches snapshot 1`] = `
<div
  className="pagination-item undefined"
  data-testid="pagination-item"
>
  <p />
</div>
`;
